{
  "mode": "apply",
  "prompt_version": "deeper-health-copywriter-v1",
  "candidates": 1099,
  "promotable": 1005,
  "blocked": 94,
  "allow_warn": true,
  "unpromoted_only": true
}
─── BLOCKED (QA) ───
what-is-workplace-anxiety-and-how-do-i-m-186032-041 — FAIL
  word_count: combined body 769 words (target 350–550)
how-do-i-handle-anxiety-without-using-substances — FAIL
  lede: does not open with canonical_answer verbatim
is-it-normal-to-feel-bored-or-empty-after-getting-sober — FAIL
  word_count: combined body 774 words (target 350–550)
what-do-i-do-when-im-losing-faith-in-everything-i--186602-023 — FAIL
  word_count: combined body 753 words (target 350–550)
why-do-i-feel-guilty-about-not-speaking-my-p7q1r4 — FAIL
  canonical_answer: 51 words (max 50)
why-do-i-wake-up-at-3am-with-anxiety-eve-181083-045 — FAIL
  word_count: combined body 777 words (target 350–550)
warning-signs-ai-use-is-hurting-my-mental-health — FAIL
  word_count: combined body 797 words (target 350–550)
how-do-i-stop-feeling-like-everyone-else-has-177941-031 — FAIL
  lede: does not open with canonical_answer verbatim
why-do-i-feel-like-i-dont-fit-in-anywhere-in-the-lgbtq-community — FAIL
  canonical_answer: 55 words (max 50)
how-do-i-know-if-i-have-adhd-as-an-adult — FAIL
  canonical_answer: 57 words (max 50)
how-do-i-deal-with-feeling-like-im-not-smart-enough-184730-093 — FAIL
  canonical_answer: 55 words (max 50)
what-if-i-think-an-ai-chatbot-is-sentient — FAIL
  word_count: combined body 757 words (target 350–550)
how-do-i-deal-with-relapse-and-the-shame-185759-024 — FAIL
  word_count: combined body 773 words (target 350–550)
how-do-i-deal-with-trauma-triggers-in-ev-190219-011 — FAIL
  word_count: combined body 761 words (target 350–550)
how-do-i-deal-with-feeling-disconnected-from-my-o9p4q2 — FAIL
  word_count: combined body 752 words (target 350–550)
what-natural-remedies-help-with-seasonal-depression — FAIL
  lede: does not open with canonical_answer verbatim
why-do-i-feel-guilty-for-doubting-my-fai-181083-035 — FAIL
  canonical_answer: 52 words (max 50)
whats-the-difference-between-ssris-and-snris-for-depression — FAIL
  when_to_reach_out: YMYL topic missing professional evaluation recommendation
why-do-i-feel-like-ill-never-find-love-a-181083-083 — FAIL
  lede: does not open with canonical_answer verbatim
is-it-my-responsibility-to-make-my-partn-185759-035 — FAIL
  lede: does not open with canonical_answer verbatim
...and 74 more blocked rows
[promoted] how-do-i-stop-feeling-like-i-need-to-earn-184730-095
[promoted] how-do-i-deal-with-feeling-like-i-dont-have-anyone-who-really-gets-me
[promoted] what-is-gaslighting-and-how-do-i-recogni-186032-030
[promoted] why-do-i-feel-more-anxious-after-using-social-f9g3h7
[promoted] why-do-i-feel-addicted-to-social-media-validation-v7w2x5
[promoted] how-do-i-overcome-perfectionism-at-work-186032-040
[promoted] what-role-does-exercise-play-in-treating-depression
[promoted] what-if-im-struggling-with-both-addiction-and-mental-health-issues
[promoted] what-should-i-know-about-depression-and-pregnancy-planning
[promoted] why-do-i-feel-like-im-always-apologizing-for-who-184730-094
[promoted] why-do-i-feel-guilty-about-taking-psychi-181083-059
[promoted] how-can-i-protect-my-children-from-conflict-between-me-and-my-ex
[promoted] should-i-be-concerned-about-my-teenagers-relations-189142-019
[promoted] how-do-i-rebuild-intimacy-after-infidelity-or-betrayal
[promoted] how-do-i-deal-with-feeling-like-im-always-the-184730-063
[promoted] how-do-i-explain-my-spiritual-journey-to-181083-041
[promoted] how-do-i-know-if-therapy-is-working-186032-042
[promoted] whats-the-connection-between-depression-and-physical-health-problems
[promoted] what-does-it-mean-to-take-care-of-your-mental-health
[promoted] what-if-my-family-doesnt-support-my-recovery
[promoted] why-do-i-feel-so-anxious-about-what-my-f-184729-006
[promoted] how-do-i-stop-feeling-like-i-need-everyone-t-177941-035
[promoted] how-do-i-find-a-therapist-who-understands-x8y3z6
[promoted] why-do-i-feel-like-i-cant-trust-anyone-completely-g8h2j5
[promoted] why-do-i-feel-guilty-for-taking-care-of-184730-001
[promoted] how-do-i-deal-with-the-physical-effects-of-long-term-substance-use
[promoted] whats-the-difference-between-a-sponsor-and-a-therapist
[promoted] how-do-i-handle-social-events-and-gatherings-in-recovery
[promoted] how-do-i-know-if-i-have-clinical-depression-versus-just-feeling-sad
[promoted] how-do-i-talk-to-my-partner-about-sexual-needs-wit-186602-018
[promoted] what-should-i-expect-if-my-loved-one-goes-to-treatment
[promoted] how-do-i-handle-child-support-and-custody-disagreements
[promoted] how-do-i-find-peace-with-uncertainty-in-my-life-o5p6q7
[promoted] how-can-i-improve-communication-with-my-teenager
[promoted] can-ai-help-me-process-grief-or-trauma-189142-018
[promoted] what-should-i-do-when-i-feel-like-im-not-good-enough
[promoted] what-is-anticipatory-grief-and-how-do-i--185387-007
[promoted] how-do-i-stop-feeling-like-im-in-danger-when-im-actually-safe
[promoted] what-should-i-know-about-depression-in-older-adults
[promoted] how-do-i-know-if-im-in-a-toxic-relationship-184730-020
[promoted] why-do-i-feel-safer-being-vulnerable-with-ai-than--189142-006
[promoted] whats-the-difference-between-feeling-sad-and-being-clinically-depressed
[promoted] why-cant-i-just-stop-using-drugs-on-my-o-185387-019
[promoted] why-do-i-feel-overwhelmed-by-simple-dail-190648-007
[promoted] how-can-i-improve-my-communication-skills-in-relationships
[promoted] why-do-i-feel-like-im-faking-my-personal-186032-012
[promoted] is-it-normal-to-feel-nothing-after-someo-186032-004
[promoted] what-should-i-do-if-i-have-legal-problems-related-to-my-addiction
[promoted] how-do-i-know-if-im-in-an-emotionally-ab-177940-025
[promoted] is-it-bad-to-take-naps-when-im-depressed-181083-052
[promoted] how-do-i-handle-holidays-and-special-occasions-in-recovery
[promoted] how-do-i-deal-with-the-pressure-to-document-j5k8l2
[promoted] how-do-i-handle-family-rejection-after-changing-my-186602-028
[promoted] how-do-i-overcome-imposter-syndrome
[promoted] why-do-i-feel-guilty-for-laughing-or-hav-186032-010
[promoted] what-is-a-process-addiction-and-can-i-be-185759-023
[promoted] what-if-my-child-does-not-want-to-talk-about-feelings
[promoted] whats-the-difference-between-stress-and-anxiety
[promoted] is-it-okay-to-date-someone-in-early-recovery
[promoted] how-do-i-deal-with-the-stigma-of-being-in-recovery
[promoted] why-do-i-feel-guilty-for-having-anxiety-when-others-have-it-worse
[promoted] why-do-i-feel-anxious-about-good-things-happ-177941-022
[promoted] rebuild-real-world-connection-after-relying-on-ai
[promoted] what-does-it-mean-if-i-feel-more-connected-to-z5a2b7
[promoted] how-do-i-rebuild-trust-after-my-partner-cheated
[promoted] whats-the-difference-between-healthy-and-177940-028
[promoted] how-do-i-help-my-teenager-who-seems-depressed
[promoted] why-do-i-feel-like-im-pretending-to-be-someone-im-not-r8s9t1
[promoted] why-do-i-feel-anxious-when-i-have-nothing-to-177941-034
[promoted] how-do-i-know-if-my-teenager-has-depression
[promoted] can-ai-make-impostor-syndrome-worse
[promoted] how-do-i-make-friends-as-an-adult-when-it-feels-impossible
[promoted] why-do-i-feel-lonely-even-when-im-in-a-r-190648-009
[promoted] is-it-normal-to-feel-worse-before-i-feel-better-in-recovery
[promoted] what-should-i-know-about-introducing-my-children-to-a-new-partner
[promoted] how-do-i-deal-with-feeling-overwhelmed-by-world-problems-f5g6h7
[promoted] what-if-my-partner-and-i-keep-having-the-same-fights-over-and-over
[promoted] how-do-i-talk-to-my-teen-about-academic-pressure-a-187459-009
[promoted] how-do-i-stop-losing-myself-in-romantic-relationsh-186602-015
[promoted] how-do-i-deal-with-spiritual-bypassing-in-my-f8g3h6
[promoted] what-do-i-do-when-i-feel-disconnected-from-m-177941-020
[promoted] is-it-normal-to-feel-scared-of-dating-ag-181083-081
[promoted] why-do-i-feel-like-i-dont-fit-in-anywher-184729-008
[promoted] what-do-i-do-when-i-feel-like-giving-up-on-m-177941-012
[promoted] how-long-should-i-wait-before-making-major-life-decisions-in-recovery
[promoted] how-do-i-handle-having-a-crush-on-someon-186032-017
[promoted] how-do-i-deal-with-feeling-overwhelmed-by-social-y7z3a6
[promoted] how-do-i-know-if-my-depression-is-getting-worse
[promoted] what-do-i-do-when-i-feel-like-im-losing-myse-177941-032
[promoted] how-do-i-stop-being-so-sensitive-to-criticism-184730-006
[promoted] how-do-i-know-if-microdosing-psychedelics-is-a3b7c2
[promoted] what-if-ai-chatbot-says-i-have-a-special-mission
[promoted] what-are-healthy-ways-to-cope-with-stress
[promoted] how-do-i-cope-with-losing-my-faith-181083-031
[promoted] when-should-i-talk-to-someone-about-my-mental-health
[promoted] how-do-i-find-a-therapist-who-understands-my-g2h5i8
[promoted] how-do-i-support-a-friend-with-depression-without-burning-out
[promoted] what-does-it-mean-if-i-feel-more-connected-to-t7u3v9
[promoted] can-depression-make-basic-tasks-hard
[promoted] am-i-losing-my-ability-to-connect-with-real-people-189142-008
[promoted] how-do-i-deal-with-people-who-trigger-my-urge-to-use-substances
[promoted] how-do-i-help-my-child-build-self-confidence
[promoted] how-do-i-know-if-im-ready-for-addiction-recovery
[promoted] how-do-i-deal-with-the-anxiety-that-comes-from-not-187459-017
[promoted] how-do-i-find-motivation-when-recovery-feels-impossible
[promoted] is-it-normal-to-feel-anxious-about-being-181288-009
[promoted] why-ai-generated-images-make-me-feel-insecure-about-my-body
[promoted] how-can-i-create-a-calming-environment-at-home
[promoted] how-do-i-rebuild-trust-with-family-after-addiction-hurt-them
[promoted] what-is-quiet-quitting-and-is-it-a-bad-t-185759-038
[promoted] how-do-i-deal-with-feeling-like-im-not-creative-184730-097
[promoted] why-do-i-feel-more-lonely-after-spending-181083-070
[promoted] how-do-i-stop-feeling-like-im-wasting-my-potential-d4e8f1
[promoted] how-do-i-handle-anniversaries-and-holidays-after-losing-someone
[promoted] how-do-i-stop-being-so-hard-on-myself-177941-019
[promoted] why-do-i-feel-like-i-cant-handle-stress-like-184730-060
[promoted] how-do-i-come-out-to-my-parents-185759-018
[promoted] how-to-co-parent-with-someone-i-do-not-trust
[promoted] what-should-i-do-if-my-adult-child-is-addicted-to-drugs
[promoted] how-do-i-deal-with-imposter-syndrome-at-work-177941-021
[promoted] why-does-grief-feel-like-its-never-going-to-end
[promoted] how-do-i-stop-feeling-like-everyone-will-181083-092
[promoted] why-do-i-get-trembling-hands-when-im-ner-181083-010
[promoted] how-can-i-support-someone-who-has-experienced-trauma
[promoted] why-is-my-teenager-so-angry-and-hostile-toward-me--187459-004
[promoted] how-do-i-deal-with-jealousy-in-my-relationship
[promoted] how-do-i-create-a-safety-plan-for-depression
[promoted] how-do-i-rebuild-trust-after-being-cheat-190648-010
[promoted] how-do-i-have-difficult-conversations-wi-190974-007
[promoted] how-do-i-deal-with-someone-who-has-narcissistic-traits
[promoted] what-should-i-do-if-someone-is-giving-me-the-silent-treatment
[promoted] why-do-i-feel-angry-all-the-time-lately-177940-006
[promoted] why-do-i-push-people-away-when-they-get-181083-091
[promoted] why-do-i-panic-when-i-think-about-money-181083-017
[promoted] how-do-i-deal-with-my-parents-divorce-186032-011
[promoted] how-do-i-improve-communication-with-my-partner
[promoted] how-do-i-know-if-i-have-a-gambling-probl-185759-028
[promoted] why-do-i-need-to-control-everything-and-everyone-a-187459-012
[promoted] i-rehearse-conversations-in-my-head-for-hours-before-they-happen
[promoted] why-do-i-feel-like-i-cant-make-decisions-184730-070
[promoted] what-do-i-do-when-i-cant-stop-crying-177941-004
[promoted] how-can-i-improve-communication-about-sex-with-my-partner
[promoted] what-should-i-do-immediately-after-experiencing-a-traumatic-event
[promoted] what-is-paranoid-personality-disorder-and-how-does-it-affect-relationships
[promoted] how-do-i-talk-to-my-teenager-about-depre-190974-006
[promoted] why-do-i-feel-like-im-always-walking-on-eggshells-d4e7f1
[promoted] why-do-i-feel-numb-instead-of-sad
[promoted] why-do-i-feel-like-im-always-the-one-who-cares-184730-078
[promoted] how-do-i-cope-with-seasonal-depression-sad
[promoted] why-do-i-feel-like-i-cant-trust-anyone-184730-050
[promoted] how-do-i-communicate-my-needs-without-so-181288-015
[promoted] what-if-antidepressants-change-who-i-am-181083-056
[promoted] why-do-i-keep-thinking-about-my-ex-even-181083-080
[promoted] how-do-i-support-my-partner-who-is-questioning-the-186602-022
[promoted] what-should-i-do-if-im-having-suicidal-thoughts
[promoted] what-should-i-do-if-my-depression-medication-has-sexual-side-effects
[promoted] can-i-drink-alcohol-while-taking-psychia-181083-061
[promoted] how-do-i-protect-my-children-from-their-parents-addiction
[promoted] how-do-i-handle-religious-holidays-after-181083-038
[promoted] how-do-i-stop-feeling-like-everyone-is-judgi-177941-015
[promoted] what-do-i-do-when-prayer-or-meditation-no-longer-b-186602-027
[promoted] what-should-i-do-if-my-ex-spouse-isnt-paying-child-support
[promoted] how-do-i-maintain-my-job-while-dealing-with-depression
[promoted] why-do-i-get-headaches-when-im-stressed-181083-003
[promoted] how-do-i-know-when-its-time-to-end-a-fri-186032-035
[promoted] why-do-i-get-so-upset-when-things-dont-go-accordin-187459-014
[promoted] why-do-i-feel-like-i-have-to-earn-love-a-181083-099
[promoted] should-i-tell-my-therapist-everything-186032-046
[promoted] why-do-i-feel-more-seen-and-understood-by-ai-than--189142-002
[promoted] what-should-i-do-if-im-struggling-with-my-sexual-identity-or-orientation
[promoted] why-do-i-feel-more-irritable-and-angry-during-cert-186602-007
[promoted] what-if-i-dont-feel-like-i-fit-in-at-support-group-meetings
[promoted] whats-the-difference-between-cbt-and-other-types-of-therapy-for-depression
[promoted] how-do-i-know-if-my-childhood-was-actually-traumatic-or-if-im-overreacting
[promoted] how-managers-can-talk-about-ai-without-increasing-anxiety
[promoted] how-do-i-know-when-its-time-to-make-a-major-life-c-187459-022
[promoted] what-are-signs-that-my-parenting-style-might-be-too-strict-or-too-permissive
[promoted] how-do-i-deal-with-feeling-like-everyone-else-184730-101
[promoted] how-do-i-set-boundaries-between-work-and-186032-037
[promoted] how-do-i-help-my-children-adjust-to-divorce
[promoted] how-do-i-know-if-i-have-antisocial-personality-disorder
[promoted] how-do-i-handle-depression-in-college-or-graduate-school
[promoted] what-should-i-do-if-im-experiencing-an-identity-crisis-because-my-profession-is-becoming-automated
[promoted] how-do-i-explain-gaps-in-my-employment-history-due-to-addiction
[promoted] why-do-i-feel-like-im-always-explaining-myself-184730-082
[promoted] how-do-i-deal-with-someone-who-wont-stop-interrupting-me
[promoted] how-do-i-create-a-relapse-prevention-plan
[promoted] how-to-talk-to-teenager-about-ai-relationships
[promoted] how-do-i-deal-with-feeling-like-im-not-making-184730-081
[promoted] how-do-i-build-confidence-when-ive-been-181288-019
[promoted] how-do-i-stop-catastrophizing-every-smal-190219-005
[promoted] how-do-i-know-if-my-child-is-depressed-or-just-going-through-a-phase
[promoted] what-should-i-do-if-my-sponsor-relapses
[promoted] how-do-i-stop-comparing-everyone-i-meet-181083-082
[promoted] what-should-i-do-when-someone-is-gaslighting-me
[promoted] i-cannot-stop-checking-if-i-locked-the-door-before-leaving
[promoted] what-should-i-expect-during-a-psychedelic-therapy-b9c2d5
[promoted] how-do-i-handle-criticism-without-taking-177940-011
[promoted] why-do-i-feel-guilty-about-setting-boundarie-177941-026
[promoted] can-ai-griefbots-make-grief-harder-to-process
[promoted] how-do-i-stop-feeling-so-ashamed-of-my-d-181083-016
[promoted] why-do-i-always-spiral-at-2am-181083-043
[promoted] why-do-i-feel-like-im-not-allowed-to-be-angry-184730-100
[promoted] should-parents-limit-ai-companion-use-for-teens
[promoted] what-is-the-connection-between-depression-and-chronic-pain
[promoted] how-do-i-handle-work-while-in-addiction-treatment
[promoted] when-are-ai-related-beliefs-a-mental-health-emergency
[promoted] how-to-stop-checking-ai-for-every-decision
[promoted] what-if-my-partner-and-i-have-different-communication-styles
[promoted] what-should-i-do-if-i-feel-overwhelmed-by-information-and-constant-connectivity
[promoted] how-do-i-deal-with-feeling-like-im-not-good-177941-033
[promoted] what-should-i-do-during-a-panic-attack
[promoted] is-it-normal-to-feel-relief-when-someone-184729-003
[promoted] when-to-seek-professional-help-for-substance-use
[promoted] why-do-i-feel-like-im-not-living-up-to-my-potential-c2d3e4
[promoted] why-do-i-feel-like-im-losing-my-native-language-i8j2k5
[promoted] what-are-the-signs-that-someone-i-love-has-an-addiction
[promoted] how-do-i-set-boundaries-with-my-own-family-about-my-relationship
[promoted] how-do-i-deal-with-academic-pressure-and-184729-009
[promoted] how-do-i-cope-with-feeling-like-time-is-running-out-u2v3w4
[promoted] how-do-i-know-if-i-need-therapy
[promoted] how-do-i-deal-with-having-no-one-to-shar-181083-077
[promoted] how-do-i-stop-feeling-overwhelmed-by-fin-181083-023
[promoted] how-do-i-set-boundaries-without-feeling-181288-013
[promoted] how-do-i-deal-with-not-having-anyone-to-181083-071
[promoted] how-can-i-stop-comparing-myself-to-others-on-social-media-g7h8i9
[promoted] how-do-i-deal-with-depression-during-major-life-transitions
[promoted] how-do-i-deal-with-friends-who-dont-support-my-recovery
[promoted] why-do-i-feel-like-i-cant-trust-my-own-184730-027
[promoted] can-ai-make-isolation-feel-normal
[promoted] how-do-i-heal-my-relationship-with-my-inner-child
[promoted] how-do-i-know-if-my-relationship-is-toxic
[promoted] how-do-i-deal-with-regret-about-things-i-186032-005
[promoted] how-do-i-integrate-psychedelic-experiences-into-a8b3c6
[promoted] how-do-i-know-if-i-might-be-depressed
[promoted] why-do-i-feel-cold-and-shivery-when-im-a-181083-014
[promoted] how-do-i-handle-drug-testing-at-work-while-in-recovery
[promoted] why-do-i-feel-like-i-need-constant-validation-184730-054
[promoted] whats-the-difference-between-grief-and-depression
[promoted] how-do-i-talk-to-my-partner-about-difficult-topics
[promoted] how-do-i-support-someone-in-recovery-wit-190974-010
[promoted] how-do-i-deal-with-a-toxic-boss-190648-013
[promoted] what-should-i-do-if-i-cant-afford-depression-treatment
[promoted] what-should-i-do-about-my-social-media-addiction
[promoted] how-to-know-if-ai-is-helping-therapy-or-replacing-it
[promoted] why-do-i-feel-burned-out-even-in-a-job-i-181288-022
[promoted] how-do-i-talk-to-my-teenager-about-substance-use
[promoted] how-do-i-practice-mindful-eating
[promoted] whats-the-difference-between-narcissistic-personality-disorder-and-just-being-self-centered
[promoted] why-do-i-feel-ashamed-about-needing-help-for-my-addiction
[promoted] why-do-i-feel-like-im-not-allowed-to-be-happy-184730-062
[promoted] how-do-i-deal-with-seasonal-depression
[promoted] can-ai-make-it-harder-to-build-real-intimacy
[promoted] how-do-i-stop-checking-my-phone-when-i-c-181083-047
[promoted] how-do-i-know-if-i-need-professional-help-for-my-drinking
[promoted] how-do-i-stop-being-so-jealous-in-my-rel-185759-034
[promoted] how-do-i-express-my-needs-without-sounding-demanding
[promoted] why-do-small-problems-feel-huge-at-night-181083-048
[promoted] why-dont-i-feel-anything-anymore-even-about-things-i-used-to-care-about
[promoted] how-do-i-set-boundaries-with-someone-who-has-borderline-personality-disorder
[promoted] how-do-i-know-if-my-stress-levels-are-unhealthy
[promoted] why-do-i-feel-like-i-dont-deserve-financ-181083-030
[promoted] how-do-i-know-if-my-marriage-is-worth-saving
[promoted] is-it-normal-to-not-remember-parts-of-my-181288-030
[promoted] whats-the-difference-between-being-sober-and-being-in-recovery
[promoted] whats-the-difference-between-physical-and-psychological-addiction
[promoted] should-i-tell-my-therapist-how-much-i-use-ai
[promoted] what-is-ai-psychosis-and-is-it-a-real-diagnosis
[promoted] why-do-i-feel-stuck-in-a-job-thats-slowly-killing-my-soul
[promoted] how-do-i-rebuild-my-confidence-after-a-r-181083-086
[promoted] why-does-my-face-feel-hot-and-flushed-wh-181083-012
[promoted] is-it-pathetic-to-eat-dinner-alone-every-181083-072
[promoted] how-do-i-reconnect-with-my-spiritual-beliefs-after-e9f5g2
[promoted] why-do-i-feel-like-i-cant-be-myself-around-184730-080
[promoted] can-ai-workplace-monitoring-affect-mental-health
[promoted] what-should-i-do-if-im-afraid-my-job-will-be-automated-soon
[promoted] how-do-i-know-if-i-have-ptsd-or-just-nor-181288-027
[promoted] how-do-i-deal-with-panic-attacks-at-work-177940-019
[promoted] why-is-it-so-hard-to-make-friends-as-an-181083-067
[promoted] how-do-i-find-a-therapist-thats-right-fo-184729-014
[promoted] why-do-i-feel-more-anxious-when-i-try-to-191368-003
[promoted] how-do-i-deal-with-the-anxiety-of-making-the-wrong-decision-m4n5o6
[promoted] how-do-i-deal-with-depression-related-memory-and-concentration-problems
[promoted] how-can-i-maintain-real-relationships-in-an-increasingly-digital-world
[promoted] what-should-i-do-if-im-being-pressured-t-186032-014
[promoted] what-if-my-addiction-was-to-prescription-drugs-that-i-legitimately-needed
[promoted] how-do-i-handle-depression-related-guilt-and-shame
[promoted] why-does-grief-feel-physical-185387-009
[promoted] why-do-i-feel-like-a-fraud-even-when-im-181288-016
[promoted] why-do-i-isolate-myself-when-im-struggling-even-though-i-know-i-need-support
[promoted] why-do-i-feel-worse-after-venting-to-fri-189668-005
[promoted] how-long-does-therapy-typically-take-186032-044
[promoted] what-should-i-do-if-im-afraid-of-confrontation
[promoted] why-do-i-feel-guilty-about-being-happy-when-184730-041
[promoted] how-do-i-deal-with-feeling-like-my-mental-184730-073
[promoted] how-do-i-manage-the-fear-of-missing-out-on-x4y7z1
[promoted] what-should-i-do-if-i-think-i-have-depression
[promoted] how-do-i-deal-with-feeling-like-i-dont-belong-184730-030
[promoted] how-do-i-deal-with-depression-while-caring-for-aging-parents
[promoted] how-do-i-stop-seeking-validation-from-others
[promoted] how-can-i-use-breathing-exercises-to-calm-down
[promoted] how-do-i-function-when-anxiety-makes-everything-feel-overwhelming
[promoted] how-do-i-handle-holidays-and-special-events-after-divorce
[promoted] how-to-know-if-teenager-is-too-attached-to-ai
[promoted] how-do-i-find-motivation-when-im-depressed-z8a9b1
[promoted] how-do-i-socialize-without-drinking-181288-033
[promoted] how-do-i-handle-people-who-say-insensiti-186032-003
[promoted] should-i-use-ai-to-analyze-my-partners-texts
[promoted] how-do-i-stop-overthinking-every-conversation-i-have-e5f6g7
[promoted] why-does-my-anxiety-get-worse-at-night
[promoted] how-do-i-know-if-im-ready-to-date-again-181083-088
[promoted] how-do-i-start-dating-again-after-divorce
[promoted] how-do-i-know-if-im-burned-out-or-just-s-190219-012
[promoted] what-are-healthy-ways-to-cope-with-flashbacks
[promoted] what-should-i-do-if-my-loved-one-refuses-treatment
[promoted] how-do-i-forgive-someone-who-isnt-sorry-v4w5x6
[promoted] how-do-i-deal-with-a-partner-who-has-dif-186032-032
[promoted] is-ai-making-it-harder-for-me-to-tolerate-emotiona-189142-012
[promoted] why-does-my-heart-race-even-when-im-just-181083-005
[promoted] why-do-i-feel-more-comfortable-with-onli-189668-013
[promoted] how-do-i-talk-to-my-therapist-about-my-relationshi-189142-011
[promoted] why-do-i-feel-anxious-about-positive-life-changes--187459-025
[promoted] why-do-i-feel-so-lonely-even-when-im-surrounded-by-people
[promoted] what-should-i-do-if-im-prescribed-pain-medication-after-surgery
[promoted] why-do-i-feel-empty-even-when-my-life-looks-good-on-paper-t2u3v4
[promoted] what-should-i-do-if-im-having-thoughts-of-suicide
[promoted] why-do-i-feel-like-im-not-good-enough-184730-021
[promoted] how-do-i-manage-screen-time-when-my-job-requires-b4c8d3
[promoted] how-do-i-know-if-im-having-a-panic-attack-184730-067
[promoted] how-long-is-it-normal-to-grieve-after-lo-184729-001
[promoted] why-do-i-always-end-up-with-partners-who-are-emoti-186602-012
[promoted] what-do-i-do-when-my-anxiety-is-so-bad-i-177940-004
[promoted] can-ai-companions-be-risky-for-lonely-teens
[promoted] how-do-i-rebuild-intimacy-in-my-relationship
[promoted] what-do-i-do-when-i-feel-like-im-not-living-177941-028
[promoted] what-should-i-do-if-im-in-a-toxic-relationship
[promoted] why-do-i-feel-anxious-about-unplugging-from-l3m7n2
[promoted] how-can-i-tell-if-someone-is-manipulating-me
[promoted] how-do-i-manage-anxiety-about-ai-taking-over-my-job
[promoted] what-should-i-do-if-im-having-trouble-sleeping-in-recovery
[promoted] how-do-i-find-balance-between-online-activism-d6e9f3
[promoted] how-do-i-rebuild-emotional-intimacy-after-a-betrayal
[promoted] how-do-i-cope-with-the-fear-that-death-means-compl-186602-026
[promoted] how-do-i-deal-with-feeling-like-i-dont-belong-k6l9m3
[promoted] can-ai-make-relationship-anxiety-worse
[promoted] what-are-the-signs-of-borderline-personality-disorder
[promoted] can-ai-give-bad-mental-health-advice
[promoted] how-do-i-deal-with-feeling-invisible-in-social-177941-003
[promoted] how-do-i-stop-feeling-like-im-not-enough-184730-065
[promoted] why-do-certain-places-or-smells-suddenly-make-me-feel-panicked
[promoted] repair-relationship-with-adult-child
[promoted] what-should-i-expect-during-the-divorce-process
[promoted] how-do-i-set-boundaries-with-technology-without-q4r8s1
[promoted] why-do-i-feel-disconnected-from-my-emoti-189668-011
[promoted] how-do-i-maintain-cultural-identity-while-i9j4k7
[promoted] how-do-i-handle-dating-and-relationships-in-recovery
[promoted] can-ai-make-health-anxiety-worse
[promoted] how-do-i-stop-feeling-like-i-need-to-ear-189668-010
[promoted] why-do-i-feel-anxious-about-relaxing-or-taking-184730-048
[promoted] why-do-i-feel-disconnected-from-my-cultural-a2b5c8
[promoted] how-do-i-deal-with-sunday-night-anxiety-181083-050
[promoted] how-do-i-know-if-i-have-anxiety-or-if-im-just-stressed
[promoted] what-if-my-partner-is-attached-to-an-ai-companion
[promoted] why-do-i-feel-overwhelmed-by-simple-tasks-184730-031
[promoted] how-do-i-co-parent-effectively-with-my-ex
[promoted] what-to-do-if-someone-made-an-ai-deepfake-of-me
[promoted] how-do-i-know-if-i-have-anxious-attachment
[promoted] how-to-cope-with-ai-change-fatigue-at-work
[promoted] how-do-i-cope-with-losing-someone-i-thought-id-have-forever
[promoted] how-do-i-find-my-purpose-when-nothing-feels-meaningful-h8i9j1
[promoted] how-do-i-handle-co-parenting-with-a-difficult-ex-spouse
[promoted] how-do-i-know-if-psychedelics-could-help-with-my-depression-h7k3m9
[promoted] how-do-i-rebuild-my-confidence-after-a-major-failure
[promoted] can-ai-reinforce-mania-or-grandiose-thinking
[promoted] how-do-i-know-if-im-in-a-toxic-relations-190219-007
[promoted] how-do-i-get-over-someone-who-doesnt-want-me-back
[promoted] is-it-possible-to-fall-in-love-with-an-ai-189142-005
[promoted] is-it-normal-to-feel-guilty-about-spendi-181083-018
[promoted] how-do-i-deal-with-a-toxic-boss-or-cowor-186032-039
[promoted] why-do-i-feel-guilty-for-having-moments--184729-005
[promoted] how-do-i-stop-replaying-arguments-and-angry-moment-186602-008
[promoted] is-it-normal-to-feel-lonely-even-when-im-181083-068
[promoted] why-do-i-have-memory-gaps-from-a-traumat-179301-003
[promoted] how-do-i-stop-people-pleasing-177941-007
[promoted] how-do-i-set-healthy-boundaries-with-family-members
[promoted] how-do-i-stop-feeling-overwhelmed-by-everything
[promoted] how-do-i-deal-with-feeling-like-im-wasting-184730-024
[promoted] can-religious-trauma-be-real-even-if-not-181083-042
[promoted] how-do-i-stop-feeling-guilty-about-setting-boundaries-q8r9s1
[promoted] why-do-i-feel-guilty-about-my-trauma-181288-028
[promoted] whats-the-difference-between-a-psycholog-186032-045
[promoted] why-do-i-feel-like-i-have-to-be-the-best-at-everyt-187459-016
[promoted] whats-the-difference-between-inpatient-and-outpatient-treatment
[promoted] how-do-i-stop-obsessing-over-health-symptoms
[promoted] how-do-i-cope-with-the-grief-of-losing-a-179301-001
[promoted] why-do-i-feel-worse-after-talking-to-my-184730-003
[promoted] is-it-okay-to-self-diagnose-with-informa-185759-046
[promoted] why-do-i-feel-anxious-about-good-things-happening-184730-023
[promoted] what-to-do-if-my-friend-is-depressed
[promoted] can-relying-on-ai-make-my-social-anxiety-worse-189142-010
[promoted] can-ai-make-me-feel-emotionally-numb
[promoted] why-do-i-feel-worse-after-good-days-when-i-have-depression
[promoted] why-do-i-feel-lonely-in-my-relationship-191368-010
[promoted] how-do-i-stop-feeling-like-im-not-doing-enough-184730-103
[promoted] how-long-does-it-take-to-feel-normal-again-in-recovery
[promoted] why-do-i-worry-about-things-that-havent-181288-006
[promoted] how-do-i-know-if-im-truly-healing-or-just-getting-better-at-hiding-my-pain-final-1000
[promoted] how-do-i-separate-my-self-worth-from-my--184729-013
[promoted] why-do-i-feel-disconnected-from-my-cultural-e7f2g5
[promoted] how-do-i-deal-with-feeling-like-i-peaked-189668-008
[promoted] why-do-i-feel-like-im-always-waiting-for-184730-090
[promoted] how-do-i-rebuild-my-career-after-addiction
[promoted] what-is-progressive-muscle-relaxation-and-how-do-i-do-it
[promoted] how-has-my-addiction-affected-my-relationships
[promoted] how-to-set-boundaries-with-ai-tools
[promoted] what-is-grounding-and-how-can-it-help-with-anxiety
[promoted] how-do-i-deal-with-boredom-in-recovery
[promoted] why-do-i-feel-like-im-always-waiting-for-something-184730-104
[promoted] why-do-i-feel-anxious-about-things-that-190219-006
[promoted] how-do-i-handle-my-childs-tantrums-without-losing-my-temper
[promoted] how-do-i-honor-my-ancestors-while-living-my-own-i4j8k5
[promoted] when-should-i-stop-using-ai-and-talk-to-a-real-person
[promoted] why-do-i-attract-the-same-type-of-proble-190219-008
[promoted] why-do-i-feel-guilty-for-being-happy-aft-190219-010
[promoted] what-should-i-do-if-i-think-my-partner-has-a-personality-disorder
[promoted] how-does-depression-affect-different-cultures-and-communities
[promoted] how-do-i-rebuild-trust-after-someone-bet-186032-034
[promoted] what-do-i-do-when-i-cant-afford-therapy-177940-020
[promoted] how-do-i-deal-with-family-pressure-about-177940-015
[promoted] why-do-i-feel-like-i-addicted-to-my-phone-h3i7j4
[promoted] how-do-i-process-grief-after-losing-someone-close-to-me
[promoted] why-do-i-feel-like-i-cant-trust-my-own-184730-076
[promoted] how-do-i-cope-with-depression-during-global-crises-or-traumatic-world-events
[promoted] how-do-i-handle-stress-without-turning-to-substances
[promoted] how-do-i-manage-stress-at-work
[promoted] support-someone-with-addiction-without-enabling
[promoted] how-do-i-manage-stress-when-i-cant-change-my-situation
[promoted] how-do-i-know-if-i-need-medication-for-m-177940-017
[promoted] what-do-i-do-when-i-feel-like-everyone-h-177940-024
[promoted] im-having-thoughts-of-suicide---what-should-i-do-right-now
[promoted] what-do-i-do-when-i-feel-like-giving-up-177940-012
[promoted] why-do-i-feel-emotionally-exhausted-all-the-time
[promoted] how-do-i-cope-with-losing-a-pet-190974-003
[promoted] what-is-the-difference-between-depression-and-grief
[promoted] how-do-i-support-a-friend-who-is-depressed-but-wont-seek-help
[promoted] why-do-i-feel-like-everything-has-to-be-perfect-be-187459-018
[promoted] how-do-i-stop-comparing-myself-to-others-on-177941-011
[promoted] how-do-i-deal-with-anxiety-about-my-firs-185759-044
[promoted] how-do-i-find-meaning-in-work-when-it-feels-s8t2u5
[promoted] how-do-i-find-purpose-in-my-career-181288-025
[promoted] what-if-my-loved-one-is-using-substances-while-pregnant
[promoted] how-do-i-deal-with-feeling-like-my-probl-189668-012
[promoted] how-do-i-deal-with-feeling-stuck-in-life-y7z8a1
[promoted] why-do-i-feel-guilty-every-time-i-get-angry-186602-005
[promoted] how-do-i-cope-with-the-fear-that-ai-will-make-human-connection-less-meaningful
[promoted] how-do-i-stop-being-a-people-pleaser
[promoted] why-does-my-teenager-seem-to-hate-spending-time-wi-187459-008
[promoted] can-deepfakes-cause-trauma-or-anxiety
[promoted] what-is-attachment-theory-and-how-does-i-184729-012
[promoted] how-do-i-stop-feeling-like-im-not-living-up-184730-032
[promoted] how-do-i-deal-with-intrusive-sexual-thou-177940-031
[promoted] how-do-i-know-if-im-experiencing-burnout-186032-036
[promoted] how-do-i-set-healthy-boundaries-with-my-children
[promoted] what-if-im-afraid-of-losing-my-identity-without-substances
[promoted] how-do-i-stop-comparing-my-relationship-177940-029
[promoted] am-i-becoming-too-dependent-on-ai-to-make-decision-189142-016
[promoted] how-do-i-overcome-sexual-anxiety-and-performance-pressure
[promoted] how-do-i-deal-with-feeling-overwhelmed-by-j6k9l2
[promoted] why-do-i-feel-guilty-for-taking-time-off-189668-007
[promoted] why-do-i-feel-like-i-dont-deserve-good-t-181288-020
[promoted] how-do-i-deal-with-feeling-like-im-always-on-the-i5j8k2
[promoted] how-do-i-parent-effectively-when-im-struggling-with-depression
[promoted] what-should-i-expect-from-my-first-aa-or-na-meeting
[promoted] what-if-i-dont-like-my-therapist-185759-047
[promoted] why-do-i-feel-like-i-dont-fit-into-any-spiritual-h4i7j1
[promoted] why-do-i-feel-like-im-not-good-at-anything-184730-056
[promoted] how-do-i-support-a-friend-who-is-grievin-185387-008
[promoted] how-do-i-support-a-family-member-who-is--185759-025
[promoted] why-do-i-feel-anxious-when-i-check-my-ba-181083-027
[promoted] why-do-i-feel-guilty-for-being-happy-aft-181083-087
[promoted] how-do-i-handle-guilt-and-shame-about-my-past-actions
[promoted] how-do-i-stop-feeling-guilty-about-setti-177940-013
[promoted] why-do-i-feel-like-im-always-the-one-reaching-184730-052
[promoted] how-can-i-overcome-my-fear-of-public-speaking
[promoted] how-do-i-know-if-i-have-trauma-from-my-c-190974-001
[promoted] how-can-parents-support-a-child-who-worries-a-lot
[promoted] how-do-i-rebuild-trust-with-people-i-hurt-during-my-addiction
[promoted] how-do-i-deal-with-family-who-dont-accept-my-sexuality
[promoted] how-do-i-stop-ruminating-about-past-mist-177940-021
[promoted] what-should-i-do-if-my-ex-spouse-is-turning-my-children-against-me
[promoted] what-do-i-do-if-my-teenager-is-self-harming-187459-010
[promoted] why-do-i-feel-like-i-need-to-constantly-prove-y2z6a1
[promoted] how-do-i-deal-with-toxic-family-members-177941-009
[promoted] how-do-i-manage-financial-stress-when-my-industry-is-being-disrupted-by-ai
[promoted] how-do-i-deal-with-feeling-like-im-not-where-184730-055
[promoted] how-do-i-stop-being-so-clingy-and-needy-in-relatio-186602-011
[promoted] what-does-it-mean-if-i-feel-more-at-peace-in-g7h1i4
[promoted] how-do-i-support-a-friend-who-is-struggling-with-mental-health
[promoted] what-if-my-family-doesnt-believe-im-really-in-recovery
[promoted] how-do-i-stop-feeling-like-im-always-in-survival-184730-099
[promoted] why-do-i-feel-anxious-even-when-nothing-bad-is-happening
[promoted] what-should-i-expect-in-my-first-30-days-of-sobriety
[promoted] how-do-i-stop-feeling-like-im-not-allowed-to-184730-091
[promoted] how-do-i-grieve-someone-i-had-a-complica-184729-004
[promoted] what-do-i-do-when-i-cant-forgive-someone-177941-016
[promoted] how-do-i-deal-with-people-who-dont-understand-addiction
[promoted] how-do-i-deal-with-feeling-like-im-not-smart-enough-184730-040
[promoted] how-do-i-stop-feeling-like-i-need-to-fix-everyone-184730-075
[promoted] whats-the-difference-between-depression-and-burnout
[promoted] what-if-my-partners-family-doesnt-accept-me
[promoted] what-should-i-know-about-depression-in-men
[promoted] why-do-i-feel-worse-after-therapy-sessions-184730-066
[promoted] how-do-i-support-my-teen-through-social-media-dram-187459-005
[promoted] how-can-i-help-my-child-adjust-to-our-divorce
[promoted] how-do-i-find-meaning-after-losing-my-re-181083-034
[promoted] what-is-histrionic-personality-disorder-and-how-is-it-treated
[promoted] is-hustle-culture-toxic-and-how-do-i-esc-185387-023
[promoted] how-do-i-know-if-i-need-therapy-for-depression
[promoted] how-do-i-stop-being-a-people-pleaser-in-190219-009
[promoted] how-do-i-find-a-good-therapist-for-addiction-recovery
[promoted] take-a-break-from-ai-without-feeling-abandoned
[promoted] how-do-i-heal-from-childhood-emotional-neglect
[promoted] how-do-i-deal-with-peer-pressure-185759-020
[promoted] how-do-i-know-if-im-being-too-demanding-in-my-rela-186602-013
[promoted] what-are-body-scan-meditations-and-how-do-they-help
[promoted] how-do-i-deal-with-feeling-overwhelmed-a-177940-027
[promoted] what-should-i-know-about-depression-and-menopause
[promoted] can-mental-health-symptoms-be-physical
[promoted] what-is-the-difference-between-physical--186032-024
[promoted] how-do-i-handle-conflict-with-my-partner-without-damaging-our-relationship
[promoted] what-should-i-do-if-im-struggling-financially-due-to-economic-changes-from-ai
[promoted] how-do-i-manage-the-anxiety-of-being-constantly-r2s5t8
[promoted] why-do-i-feel-like-im-always-the-one-reachin-177941-030
[promoted] what-are-the-sexual-side-effects-of-antidepressants-and-what-can-i-do-about-them
[promoted] how-do-i-find-meaning-in-life-when-everything-feel-186602-024
[promoted] why-do-i-get-so-emotionally-overwhelmed-with-adhd
[promoted] how-do-i-protect-my-children-from-my-own-mental-health-struggles
[promoted] how-do-i-stop-being-afraid-of-conflict-i-181083-100
[promoted] why-do-i-feel-guilty-about-adapting-my-cultural-u4v7w1
[promoted] what-should-i-do-when-i-feel-like-i-dont-know-who-i-am-anymore
[promoted] how-do-i-rebuild-my-self-esteem-after-addiction
[promoted] can-ai-make-religious-or-spiritual-confusion-worse
[promoted] how-do-i-know-if-my-sadness-is-normal-grief-or-clinical-depression
[promoted] how-do-i-stop-feeling-jumpy-and-on-edge-179301-004
[promoted] why-do-i-feel-spiritually-empty-despite-having-n8o2p5
[promoted] how-do-i-tell-my-partner-about-my-depression
[promoted] how-do-i-handle-social-situations-where-everyone-is-drinking
[promoted] how-can-i-help-my-teenager-who-seems-depressed
[promoted] what-do-i-do-when-i-feel-like-i-have-no-real-identity-of-my-own-d4e5f6
[promoted] how-do-i-handle-anniversary-dates-and-holidays-after-losing-someone
[promoted] should-i-stay-in-a-relationship-where-my-partner-is-still-using-substances
[promoted] why-does-everything-feel-pointless-when-190648-012
[promoted] can-ai-companionship-replace-human-intimacy-189142-007
[promoted] how-do-i-deal-with-feeling-like-im-not-where-w7x2y5
[promoted] is-it-normal-to-cry-for-no-apparent-reas-181288-002
[promoted] how-do-i-come-out-when-im-not-sure-how-people-will-react
[promoted] how-do-i-know-if-my-drinking-is-becoming-a-problem
[promoted] should-i-tell-my-employer-about-my-depression
[promoted] how-do-i-deal-with-feeling-like-my-emotions-are-184730-051
[promoted] is-it-normal-to-feel-angry-after-someone-dies
[promoted] why-do-i-get-anxious-when-good-things-ha-191368-005
[promoted] why-do-i-feel-guilty-about-my-privilege-as-a-passing-member-of-the-lgbtq-community
[promoted] how-do-i-stop-feeling-guilty-about-outgr-189668-014
[promoted] why-do-i-push-people-away-when-they-get-too-close--186602-010
[promoted] why-ai-makes-me-question-what-makes-me-human
[promoted] why-do-i-feel-like-im-failing-at-everyth-177940-030
[promoted] is-using-ai-to-check-if-im-a-bad-person-making-things-worse
[promoted] why-do-i-feel-like-im-always-apologizing-for-184730-058
[promoted] why-do-i-feel-like-i-dont-deserve-success-in-my-career
[promoted] what-should-i-expect-in-addiction-treatm-186032-026
[promoted] why-do-i-keep-having-dreams-about-the-pe-186032-002
[promoted] what-should-i-do-if-my-child-is-being-bullied
[promoted] how-do-i-stop-procrastinating-when-im-afraid-of-no-187459-013
[promoted] my-chest-tightens-whenever-someone-texts-me-unexpectedly
[promoted] why-do-i-feel-worse-in-the-winter-months-181288-004
[promoted] why-does-my-throat-feel-tight-when-im-st-181083-008
[promoted] why-do-i-feel-like-im-always-the-problem-in-184730-033
[promoted] what-should-i-expect-from-detox-and-withdrawal
[promoted] can-depression-be-inherited-im-worried-about-my-children
[promoted] is-it-normal-to-question-your-sexual-orientation-l-186602-019
[promoted] what-should-i-do-if-therapy-isnt-helping-l7m1n6
[promoted] how-do-i-help-my-anxious-child-without-m-190974-004
[promoted] why-do-i-feel-like-i-dont-deserve-good-things-happening-to-me-k2l3m4
[promoted] how-do-i-handle-burnout-when-im-constantly-worried-about-job-security
[promoted] how-do-i-deal-with-someone-who-uses-anger-to-contr-186602-006
[promoted] why-do-i-feel-guilty-when-im-happy-i8j9k1
[promoted] what-should-i-do-if-im-having-trouble-functioning-after-a-loss
[promoted] why-do-i-feel-anxious-when-nothing-is-wr-191368-001
[promoted] how-do-i-deal-with-side-effects-from-psy-181083-065
[promoted] how-do-i-rebuild-trust-with-my-family-after-my-loved-ones-addiction
[promoted] why-do-i-feel-guilty-when-i-put-myself-first
[promoted] how-do-i-deal-with-feeling-like-my-emotions-are-g8h5i2
[promoted] why-do-i-feel-more-like-myself-when-interacting-wi-189142-009
[promoted] why-do-i-feel-guilty-about-spending-money-on-177941-014
[promoted] why-do-i-feel-like-im-always-waiting-for-189668-015
[promoted] why-do-i-get-defensive-even-when-they-have-a-point
[promoted] how-do-i-deal-with-cravings-when-they-hit
[promoted] what-should-i-do-if-my-teenager-is-experimenting-w-187459-006
[promoted] how-do-i-rebuild-trust-with-my-partner-after-addiction
[promoted] why-do-i-feel-guilty-about-my-trauma-when-it-wasnt-my-fault
[promoted] why-do-i-feel-like-im-pretending-to-be-an-adult-184730-072
[promoted] how-do-i-deal-with-depression-in-early-recovery
[promoted] why-do-i-feel-so-angry-all-the-time-186032-020
[promoted] how-do-i-handle-peer-pressure-to-drink-or-use-drugs
[promoted] how-do-i-help-my-children-understand-dea-186032-007
[promoted] can-ai-chatbots-make-delusional-thoughts-worse
[promoted] can-lack-of-sleep-make-my-anxiety-worse-181083-049
[promoted] can-money-problems-cause-depression-181083-025
[promoted] can-depression-cause-physical-symptoms
[promoted] what-should-i-do-if-antidepressants-arent-working-for-me
[promoted] how-do-i-deal-with-feeling-overwhelmed-by-wo-177941-013
[promoted] how-do-i-know-if-i-need-professional-help-for-u9v2w5
[promoted] is-it-normal-to-feel-bored-in-early-reco-181288-034
[promoted] whats-the-difference-between-addiction-and-dependence
[promoted] how-do-i-stop-feeling-like-im-a-burden-to-184730-049
[promoted] what-are-the-signs-of-burnout-and-how-do-i-recover
[promoted] why-do-i-feel-like-i-have-to-be-perfect-all-184730-084
[promoted] can-stress-cause-ringing-in-my-ears-181083-009
[promoted] how-do-i-start-practicing-mindfulness
[promoted] why-do-i-feel-depressed-even-when-my-life-is-going-well
[promoted] how-do-i-recover-from-burnout-at-work
[promoted] what-are-the-warning-signs-that-my-depression-is-getting-worse
[promoted] why-do-i-feel-awkward-in-social-situatio-181083-074
[promoted] why-do-i-have-vivid-disturbing-dreams-wh-181083-051
[promoted] can-chronic-stress-affect-my-mental-health
[promoted] how-to-use-ai-without-losing-my-own-voice
[promoted] how-do-i-manage-screen-time-without-feeling-like-m4n7o1
[promoted] what-if-my-addiction-has-damaged-my-relationship-with-my-children
[promoted] can-anxiety-cause-muscle-twitches-and-sp-181083-007
[promoted] whats-the-difference-between-depression-and-bipolar-disorder
[promoted] what-is-group-therapy-for-depression-like
[promoted] how-do-i-know-if-a-treatment-program-is-right-for-me
[promoted] how-do-i-stop-comparing-my-financial-sit-181083-019
[promoted] what-are-some-quick-techniques-to-calm-anxiety-in-the-moment
[promoted] why-do-i-have-such-a-hard-time-trusting-181083-097
[promoted] how-do-i-handle-anniversary-dates-or-other-emotionally-difficult-times
[promoted] how-do-i-tell-if-my-social-media-use-is--185387-016
[promoted] what-should-i-do-if-im-having-intense-cravings-that-wont-go-away
[promoted] how-do-i-break-up-with-someone-i-still-love
[promoted] what-should-i-do-if-my-ex-is-undermining-my-parenting
[promoted] how-do-i-stop-overthinking-everything-i-say-and-184730-036
[promoted] how-do-i-deal-with-seeing-my-ex-with-som-181083-084
[promoted] can-ai-make-avoidance-easier-when-anxious
[promoted] how-do-i-stop-caring-so-much-about-what-others-think-of-me-l2m3n4
[promoted] how-do-i-deal-with-imposter-syndrome-in-my-career-n5o6p7
[promoted] is-using-ai-at-work-making-me-feel-more-isolated-f-189142-015
[promoted] why-am-i-losing-faith-in-everything-i-used-to-believe
[promoted] why-do-i-shut-down-emotionally-when-conflict-start-186602-003
[promoted] how-do-i-stop-feeling-like-im-wasting-my-184730-002
[promoted] is-it-normal-to-have-trust-issues-after-181083-089
[promoted] how-do-i-handle-work-stress-without-using-substances
[promoted] is-it-possible-to-be-addicted-to-social-179301-005
[promoted] am-i-weak-if-i-need-medication-for-my-me-181083-055
[promoted] how-do-i-deal-with-feeling-spiritually-lost-after-l3m6n9
[promoted] why-do-i-feel-guilty-about-taking-sick-d-177940-026
[promoted] how-do-i-deal-with-depression-during-pregnancy
[promoted] how-do-i-know-if-my-drinking-has-become-190219-016
[promoted] why-do-i-feel-more-depressed-in-the-morn-181083-054
[promoted] how-do-i-reconnect-with-my-cultural-heritage-after-y8z1a4
[promoted] how-do-i-deal-with-depression-when-im-unemployed
[promoted] how-can-i-help-my-partner-who-is-struggling-with-addiction
[promoted] why-do-i-feel-so-misunderstood-by-everyo-186032-016
[promoted] how-do-i-tell-my-children-about-our-divorce
[promoted] how-do-i-cope-with-being-laid-off-due-to-ai-automation
[promoted] why-do-i-feel-like-im-not-allowed-to-have-problems-f8g1h4
[promoted] why-ai-makes-the-future-feel-scary
[promoted] what-should-i-expect-from-my-first-therapy-session-b8c4d7
[promoted] how-is-depression-different-in-elderly-people
[promoted] how-do-i-deal-with-friend-drama-and-goss-186032-019
[promoted] how-do-i-manage-adhd-without-medication
[promoted] why-keep-going-back-to-ai-even-when-it-feels-worse
[promoted] what-is-executive-dysfunction-and-how-does-it-affect-daily-life
[promoted] how-do-i-help-my-teenager-with-anxiety-without-mak-187459-001
[promoted] what-should-i-do-if-my-partner-has-anger-issues
[promoted] why-do-i-feel-ashamed-about-relying-on-ai
[promoted] what-if-i-relapsed-and-im-too-ashamed-to-go-back-to-meetings
[promoted] how-do-i-maintain-my-sense-of-identity-during-reti-187459-024
[promoted] how-do-i-know-if-my-drinking-is-a-proble-184729-011
[promoted] why-do-i-feel-like-im-behind-everyone-el-181083-024
[promoted] how-do-i-know-if-im-in-a-codependent-relationship
[promoted] why-do-i-feel-disconnected-from-my-cultural-identity-p2q8r4
[promoted] is-asking-ai-for-reassurance-making-anxiety-worse
[promoted] why-do-i-feel-guilty-for-questioning-my-religious--186602-025
[promoted] what-if-im-bored-and-that-makes-me-want-to-use
[promoted] should-i-tell-my-employer-about-going-to-treatment
[promoted] how-do-i-know-if-my-relationship-is-heal-186032-029
[promoted] is-it-possible-to-use-substances-occasio-186032-028
[promoted] what-should-i-do-if-im-struggling-with-multiple-addictions
[promoted] what-should-i-do-if-my-partner-and-i-have-different-love-languages
[promoted] what-is-schizoid-personality-disorder-and-how-does-it-affect-daily-life
[promoted] how-do-i-cope-with-the-stress-of-loving-someone-with-addiction
[promoted] why-do-i-feel-anxious-for-no-reason
[promoted] why-do-i-feel-guilty-about-setting-bound-190219-013
[promoted] how-do-i-talk-to-my-teen-about-depression-without--187459-003
[promoted] why-do-i-feel-like-im-never-enough-for-anyone-l6m9n3
[promoted] can-ai-make-burnout-worse
[promoted] why-do-i-apologize-for-everything-even-w-181083-095
[promoted] why-do-i-feel-lonelier-after-spending-time-with-ai-189142-013
[promoted] why-do-i-feel-lonely-even-when-im-around-184730-017
[promoted] how-do-i-stop-stalking-my-ex-on-social-m-181083-090
[promoted] how-do-i-explain-to-others-that-i-cant-just-think-positive-my-way-out-of-depression
[promoted] what-do-i-do-if-i-think-my-child-is-questioning-th-187459-002
[promoted] why-do-i-feel-ashamed-of-my-cultural-accent-or-d8e1f4
[promoted] can-ai-help-me-practice-social-skills-before-real--189142-014
[promoted] how-can-i-manage-my-anxiety-without-medication
[promoted] how-do-i-know-if-im-gay-straight-or-some-186032-013
[promoted] how-do-i-know-if-what-im-experiencing-is-depression-or-just-sadness
[promoted] how-do-i-know-if-im-depressed-or-just-go-181288-005
[promoted] is-it-normal-to-feel-angry-at-god-or-rel-181083-033
[promoted] why-do-i-feel-like-i-cant-trust-my-own-184730-098
[promoted] why-do-i-attract-the-same-type-of-toxic-181288-014
[promoted] is-it-normal-to-prefer-being-alone-most-181083-076
[promoted] how-do-i-deal-with-depression-when-i-have-young-children
[promoted] how-do-i-deal-with-feeling-like-everyone-else-184730-085
[promoted] why-do-i-feel-like-i-cant-handle-normal-adult-184730-088
[promoted] how-do-i-stop-having-nightmares-about-tr-177940-005
[promoted] why-ai-companion-feels-more-comforting-than-real-people
[promoted] what-if-i-dont-believe-in-god-or-a-higher-power-for-12-step-programs
[promoted] what-should-i-do-if-i-hate-my-job-but-ca-186032-038
[promoted] what-should-i-do-if-i-feel-like-my-skills-are-becoming-obsolete
[promoted] how-do-i-know-if-im-developing-a-parasocial-relati-189142-004
[promoted] how-do-i-set-boundaries-to-reduce-stress
[promoted] why-does-talking-to-ai-feel-easier-than-talking-to-189142-017
[promoted] how-do-i-cope-with-the-loss-of-a-pet
[promoted] what-if-my-partner-wants-me-to-drink-or-use-substances-with-them
[promoted] whats-the-difference-between-major-depression-and-persistent-depressive-disorder
[promoted] how-do-i-stop-being-so-critical-of-myself-and-othe-187459-015
[promoted] how-do-i-deal-with-workplace-surveillance-and-ai-monitoring-anxiety
[promoted] how-do-i-know-when-to-cut-off-contact-with-my-addicted-family-member
[promoted] whats-the-difference-between-sadness-and-dep-177941-008
[promoted] how-do-i-handle-sibling-rivalry-and-fighting
[promoted] why-do-i-feel-like-im-never-going-to-hav-181083-020
[promoted] how-do-i-know-if-my-recovery-program-is-working
[promoted] can-talking-to-ai-all-night-affect-my-mental-health
[promoted] is-it-normal-to-miss-aspects-of-my-old-f-181083-040
[promoted] why-do-i-feel-ashamed-about-my-body-during-intimat-186602-021
[promoted] how-do-i-deal-with-feeling-overwhelmed-b-189668-016
[promoted] how-do-i-deal-with-anxiety-about-the-future
[promoted] why-do-i-feel-like-im-pretending-to-be-s-177940-018
[promoted] what-should-i-do-if-i-feel-like-i-cant-keep-up-with-technological-changes-at-work
[promoted] how-do-i-cope-with-losing-my-pet-185387-006
[promoted] how-do-i-decide-what-to-do-with-their-be-186032-009
[promoted] how-do-i-know-if-i-need-professional-hel-186032-001
[promoted] how-do-i-stop-feeling-like-im-wasting-time-when-184730-061
[promoted] how-do-i-stop-feeling-like-im-always-walking-184730-042
[promoted] im-afraid-of-becoming-dependent-on-antidepressants-is-this-a-valid-concern
[promoted] how-to-handle-feeling-replaceable-because-of-ai
[promoted] how-do-i-stop-feeling-like-im-broken-and-need-o7p2q5
[promoted] what-should-i-do-if-i-think-my-friend-is-186032-033
[promoted] how-do-i-find-meaning-when-i-no-longer-believe-what-i-was-taught
[promoted] why-do-i-feel-guilty-for-being-excited-about-chang-187459-021
[promoted] how-do-i-integrate-plant-medicine-experiences-m3n8o2
[promoted] how-do-i-rebuild-my-relationship-with-my-children-after-addiction
[promoted] why-do-i-shut-down-during-arguments-190974-008
[promoted] how-to-apologize-to-repair-trust
[promoted] why-do-i-feel-like-im-always-waiting-for-the-r8s3t6
[promoted] what-is-seasonal-depression-and-how-is-it-treated
[promoted] why-do-i-overthink-every-conversation-after-it-happens
[promoted] how-do-i-handle-being-around-my-old-using-friends
[promoted] how-do-i-deal-with-financial-stress-affe-181083-021
[promoted] how-do-i-deal-with-people-who-dont-understand-or-s-187459-023
[promoted] what-is-complex-ptsd-and-how-is-it-different-from-regular-ptsd
[promoted] what-if-my-child-says-ai-is-their-best-friend
[promoted] how-do-i-set-boundaries-with-family-members
[promoted] how-do-i-stop-feeling-like-i-need-to-fix-189668-018
[promoted] how-do-i-stop-feeling-like-im-not-living-up-a3b6c9
[promoted] how-do-i-stop-overthinking-every-conversation-i-have
[promoted] can-i-recover-without-going-to-meetings
[promoted] how-do-i-find-meaning-after-leaving-organized-g5h8i3
[promoted] how-do-i-deal-with-feeling-like-im-too-much-for-k9l3m6
[promoted] how-do-i-deal-with-feeling-like-im-not-contributing-184730-105
[promoted] why-do-i-feel-like-i-dont-know-who-i-am-190648-001
[promoted] whats-the-difference-between-sadness-and-177940-016
[promoted] how-can-i-develop-a-stronger-sense-of-identity
[promoted] how-do-i-find-motivation-when-im-depress-190648-011
[promoted] what-does-it-mean-to-grieve-a-relationsh-179301-002
[promoted] how-do-i-know-if-my-relationship-is-emotional-177941-005
[promoted] what-if-i-relapse-during-recovery
[promoted] how-do-i-deal-with-social-anxiety-at-wor-191368-004
[promoted] what-should-i-do-if-im-struggling-financially-because-of-my-addiction
[promoted] how-do-i-cope-with-the-fear-of-being-judged-by-others-w5x6y7
[promoted] why-do-my-partner-and-i-have-the-same-fi-185759-033
[promoted] how-do-i-know-when-its-time-to-end-a-relationship
[promoted] why-do-i-feel-guilty-for-moving-on-after-someone-died
[promoted] how-do-i-stop-feeling-responsible-for-everyo-177941-023
[promoted] how-do-cultural-attitudes-affect-depression-treatment
[promoted] what-is-compassion-fatigue-and-how-do-i--185759-040
[promoted] why-does-my-chest-feel-tight-when-im-anx-181083-001
[promoted] how-does-meditation-help-with-anxiety
[promoted] why-do-i-feel-like-im-losing-my-cultural-z5a8b4
[promoted] are-there-specific-depression-challenges-for-lgbtq-individuals
[promoted] what-should-i-do-about-seasonal-depression
[promoted] how-do-i-deal-with-feeling-misunderstood-by-e-177941-029
[promoted] how-do-i-prepare-for-my-first-psychedelic-f4g7h1
[promoted] what-is-the-relationship-between-depression-and-substance-use
[promoted] why-do-i-feel-like-i-need-everyone-to-like-184730-019
[promoted] why-do-i-feel-like-im-always-one-step-behind-184730-092
[promoted] how-do-i-stop-my-mind-from-racing-when-i-181083-044
[promoted] why-do-i-feel-like-im-losing-my-cultural-identity-t7u1v6
[promoted] how-do-i-know-if-im-ready-to-reduce-my-social-q6r9s4
[promoted] what-if-my-partner-doesnt-want-to-have-sex-as-much-as-i-do
[promoted] why-do-i-attract-people-who-want-to-fix-me-186602-016
[promoted] is-it-normal-to-feel-jealous-of-people-w-181083-028
[promoted] how-do-i-motivate-myself-when-everything-181288-003
[promoted] how-do-i-deal-with-feeling-like-im-faili-190219-014
[promoted] how-does-depression-interact-with-substance-use
[promoted] how-long-should-it-take-me-to-get-over-a-181083-079
[promoted] how-do-i-stop-bringing-work-stress-home-181288-023
[promoted] why-does-depression-come-back-after-feeling-better
[promoted] how-do-i-prepare-for-my-first-therapy-se-186032-047
[promoted] is-it-normal-to-have-vivid-dreams-or-nightmares-in-recovery
[promoted] how-do-i-help-my-child-who-seems-depressed
[promoted] why-do-i-feel-like-im-behind-everyone-el-189668-017
[promoted] how-do-i-know-if-im-experiencing-spiritual-o9p6q1
[promoted] how-to-know-if-too-emotionally-dependent-on-ai
[promoted] what-should-i-do-if-my-depression-medication-isnt-working-after-several-weeks
[promoted] how-do-i-stop-feeling-like-i-need-to-prove-myself-q2r5s9
[promoted] how-do-i-recognize-depression-in-elderly-parents
[promoted] what-should-i-do-when-i-feel-like-i-cant-handle-stress-anymore
[promoted] how-do-i-handle-holidays-and-family-gatherings-with-an-addicted-relative
[promoted] how-do-i-know-if-i-need-inpatient-treatment-for-depression
[promoted] why-do-i-shut-down-during-intimacy-even-when-i-wan-186602-017
[promoted] how-do-i-make-amends-to-people-i-hurt-during-my-addiction
[promoted] how-do-i-express-anger-in-healthy-ways-without-bot-186602-004
[promoted] how-do-i-rebuild-my-life-after-a-major-loss-or-tra-187459-026
[promoted] is-it-unhealthy-to-prefer-talking-to-ai-over-friends
[promoted] what-if-i-cant-afford-treatment-or-therapy
[promoted] why-do-i-feel-like-i-dont-deserve-love-177940-022
[promoted] how-do-i-deal-with-feeling-like-my-life-has-177941-025
[promoted] why-do-i-feel-lost-without-religious-com-181083-039
[promoted] how-do-i-talk-to-my-family-about-money-w-181083-026
[promoted] what-if-i-lose-my-job-because-of-my-addiction
[promoted] how-do-i-find-my-purpose-when-nothing-feels-meaningful-anymore
[promoted] how-do-i-stay-motivated-when-recovery-feels-like-a-daily-struggle
[promoted] can-ai-companions-reduce-loneliness-or-make-it-worse
[promoted] why-do-i-need-everyones-approval-to-feel-190648-003
[promoted] can-ai-therapy-apps-replace-a-licensed-therapist
[promoted] why-do-i-feel-guilty-when-i-set-boundari-189668-001
[promoted] how-do-i-deal-with-feeling-like-im-too-sensitive-184730-069
[promoted] why-do-i-feel-empty-even-when-my-life-looks-177941-018
[promoted] why-do-i-parent-the-way-i-was-parented-even-when-i-swore-i-wouldnt
[promoted] how-do-i-help-my-teen-build-healthy-relationships--187459-007
[promoted] what-should-i-do-if-i-think-my-child-has-anxiety
[promoted] how-do-i-cope-with-the-emotional-pain-of-divorce
[promoted] what-should-i-do-if-i-suspect-my-employee-has-a-substance-abuse-problem
[promoted] why-do-i-feel-empty-even-when-my-life-lo-191368-007
[promoted] how-do-i-deal-with-feeling-overwhelmed-by-my-v9w3x7
[promoted] why-do-i-feel-angry-at-the-person-who-di-184729-002
[promoted] can-ai-make-people-pleasing-worse
[promoted] i-feel-guilty-for-resting-and-doing-nothing-how-do-i-overcome-this-j1k2l3
[promoted] how-do-i-deal-with-people-who-drain-my-184730-008
[promoted] what-are-the-warning-signs-that-i-might-be-heading-toward-relapse
[promoted] what-should-i-do-if-my-partner-is-emotionally-unavailable
[promoted] how-do-i-get-over-a-breakup-when-i-still-185759-031
[promoted] can-you-actually-change-your-attachment-style-or-a-186602-009
[promoted] how-do-i-deal-with-feeling-like-technology-is-e3f6g9
[promoted] why-do-i-need-everyone-to-like-me-191368-011
[promoted] why-do-i-feel-like-i-have-to-choose-between-my-l7m4n8
[promoted] how-do-i-create-a-bedtime-routine-that-a-181083-053
[promoted] how-do-i-reinvent-myself-after-a-major-life-change-187459-020
[promoted] can-ai-make-intrusive-thoughts-worse
[promoted] set-a-boundary-without-sounding-harsh
[promoted] is-it-okay-to-still-miss-my-ex-even-thou-181083-085
[promoted] need-therapy-or-more-support-from-friends
[promoted] whats-the-difference-between-bipolar-disorder-and-regular-depression
[promoted] bring-up-hard-topic-without-starting-fight
[promoted] should-i-avoid-all-mood-altering-substances-in-recovery
[promoted] can-ai-make-doomscrolling-worse
[promoted] what-should-i-do-if-i-caught-my-partner-cheating
[promoted] how-do-i-deal-with-feeling-like-im-not-g-177940-003
[promoted] how-do-i-support-a-partner-with-depression-without-burning-out
[promoted] how-do-i-stop-feeling-guilty-about-my-past-mistakes-184730-053
[promoted] what-is-the-difference-between-mindfulness-and-meditation
[promoted] what-do-i-do-if-i-cant-afford-therapy-185759-045
[promoted] what-are-some-simple-relaxation-techniques-i-can-do-anywhere
[promoted] why-do-i-feel-exhausted-all-the-time-eve-177940-002
[promoted] what-should-i-do-if-i-cant-afford-regula-186032-043
[promoted] why-do-i-lose-myself-in-romantic-relatio-181288-012
[promoted] every-small-mistake-feels-like-evidence-that-i-am-fundamentally-flawed
[promoted] what-is-disenfranchised-grief-186032-008
[promoted] why-ai-at-work-makes-me-feel-less-in-control
[promoted] whats-the-difference-between-being-shy-and-having-avoidant-personality-disorder
[promoted] how-do-i-handle-cravings-that-seem-to-come-out-of-nowhere
[promoted] how-do-i-stop-feeling-like-im-behind-everyone-184730-071
[promoted] can-stress-and-anxiety-really-cause-stom-181083-002
[promoted] why-do-i-feel-like-i-dont-know-how-to-be-181083-078
[promoted] what-if-im-having-second-thoughts-about-getting-divorced
[promoted] why-do-i-feel-like-i-need-to-earn-love-and-184730-064
[promoted] how-do-i-stop-my-perfectionism-from-ruining-my-lif-187459-011
[promoted] how-do-i-deal-with-feeling-like-im-not-living-184730-059
[promoted] how-do-i-stop-worrying-about-things-i-cant-c-177941-027
[promoted] what-should-i-know-about-depression-and-pregnancy
[promoted] how-do-i-deal-with-mismatched-libidos-in-my-relati-186602-020
[promoted] how-do-i-set-boundaries-with-family-members-who-k8l3m7
[promoted] how-do-i-handle-family-pressure-about-my-relationship-choices
[promoted] can-emotional-stress-cause-physical-fati-181083-015
[promoted] why-do-i-feel-so-emotional-all-the-time-185759-019
[promoted] why-do-i-feel-like-im-too-much-for-peopl-181083-093
[promoted] what-if-psychiatric-medication-doesnt-wo-181083-060
[promoted] how-do-i-cope-with-feeling-like-im-too-much-for-other-people-a1b2c3
[promoted] how-do-i-deal-with-flashbacks-181288-029
[promoted] how-do-i-tell-my-family-i-think-im-autistic
[promoted] why-do-i-feel-guilty-for-being-happy-aft-190974-002
[promoted] whats-the-difference-between-being-intro-177940-008
[promoted] why-do-i-feel-like-life-has-no-meaning-or-purpose-v6w2x8
[promoted] how-do-i-help-my-teenager-who-seems-angr-190219-015
[promoted] what-should-i-do-if-my-partner-and-i-have-mismatched-libidos
[promoted] how-do-i-deal-with-feeling-like-i-dont-deserve-u9v4w7
[promoted] what-is-codependency-and-how-does-it-rel-186032-022
[promoted] how-do-i-deal-with-feeling-jealous-in-my-177940-009
[promoted] why-do-i-feel-so-lonely-even-when-im-surrounded-by-people-p7q8r9
[promoted] help-someone-believes-ai-is-sending-secret-messages
[promoted] what-should-i-do-if-i-have-a-slip-but-dont-want-to-have-a-full-relapse
[promoted] how-do-i-know-if-i-need-a-break-from-social-w2x6y3
[promoted] my-mind-races-with-worst-case-scenarios-whenever-plans-change-unexpectedly
[promoted] why-do-i-feel-like-im-living-in-a-fog-all-the-time-t8u1v4
[promoted] what-should-i-do-if-im-having-thoughts-about-using-again
[promoted] what-should-i-do-if-i-think-im-being-bul-185387-017
[promoted] why-do-i-feel-jealous-even-when-i-trust-my-partner-186602-014
[promoted] how-do-i-help-a-family-member-who-has-a-personality-disorder-but-wont-get-treatment
[promoted] what-should-i-do-if-im-experiencing-anticipatory-grief
[promoted] how-do-i-know-if-i-have-ptsd-or-trauma
[promoted] how-do-i-find-meaning-in-life-when-traditional-c7d2e8
[promoted] how-do-i-cope-with-depression-during-major-life-changes
[promoted] how-do-i-deal-with-feeling-like-im-betraying-o8p1q4
[promoted] can-i-still-be-spiritual-without-being-r-181083-037
[promoted] how-do-i-know-if-i-need-professional-help-for-my-anxiety
[promoted] how-do-i-know-if-my-anxiety-is-normal-or-184730-038
[promoted] what-should-i-do-if-my-partner-always-takes-their-familys-side
[promoted] can-ai-make-me-feel-like-my-creativity-does-not-matter
[promoted] what-should-i-do-after-a-relapse-in-recovery
[promoted] what-is-seasonal-depression-and-how-do-i-treat-it
[promoted] why-am-i-anxious-about-ai-replacing-my-job
[promoted] what-does-it-mean-to-be-autistic-as-an-adult
[promoted] how-can-i-communicate-better-with-someone-who-has-a-different-communication-style
[promoted] how-do-i-apologize-effectively-when-ive-hurt-someone
[promoted] is-it-normal-to-lose-sleep-over-money-wo-181083-022
[promoted] what-are-some-healthy-ways-to-celebrate-milestones-in-recovery
[promoted] how-to-tell-if-ai-conversation-is-making-me-paranoid
[promoted] how-can-i-support-my-partner-who-has-depression
[promoted] can-stress-cause-back-and-neck-pain-181083-013
[promoted] how-do-i-stop-comparing-my-life-to-what-189668-006
[promoted] how-do-i-manage-depression-while-working-a-demanding-job
[promoted] how-do-i-know-if-i-have-postpartum-depression-versus-baby-blues
[promoted] how-do-i-tell-if-im-depressed-or-just-going-through-a-rough-patch
[promoted] stay-mentally-healthy-while-learning-ai-tools-for-work
[promoted] whats-the-best-way-to-talk-to-my-child-about-difficult-topics
[promoted] why-does-my-anxiety-get-worse-when-i-try-190219-004
[promoted] why-do-i-feel-anxious-when-things-are-going-177941-010
[promoted] why-do-i-feel-guilty-about-losing-my-native-d9e4f7
[promoted] how-do-i-deal-with-the-pressure-to-be-constantly-c9d4e7
[promoted] why-do-i-feel-so-different-from-my-paren-184729-010
[promoted] how-do-i-stop-myself-from-saying-hurtful-things-wh-186602-002
[promoted] is-my-constant-need-to-talk-to-an-ai-a-form-of-emo-189142-003
[promoted] why-do-i-feel-guilty-when-im-happy-177941-002
[promoted] what-should-i-do-if-talk-therapy-doesnt-seem-to-be-helping-my-depression
[promoted] how-do-i-ask-for-a-mental-health-day-wit-185759-041
[promoted] why-does-grief-come-in-waves
[promoted] difference-between-stress-and-anxiety
[promoted] why-do-i-feel-like-im-failing-as-a-parent-177941-006
[promoted] why-do-i-feel-furious-over-small-things-that-shoul-186602-001
[promoted] how-do-i-communicate-better-with-my-part-186032-031
[promoted] how-do-i-stay-sober-when-all-my-friends--186032-023
[promoted] why-do-i-feel-anxious-when-things-are-go-189668-009
[promoted] how-do-i-deal-with-feeling-like-im-not-interesting-184730-089
[promoted] how-do-i-help-a-family-member-who-has-severe-depression-but-refuses-treatment
[promoted] can-people-get-addicted-to-ai-chatbots-or-virtual--189142-001
[promoted] how-do-i-discipline-my-child-without-dam-190974-005
[promoted] why-does-everyone-else-seem-to-move-on-w-186032-006
[promoted] what-should-i-do-if-my-partner-doesnt-listen-to-me
[promoted] why-do-i-feel-like-im-betraying-my-family-by-p5q8r2
[promoted] how-do-i-deal-with-social-media-affecting-my-mental-health
[promoted] how-do-i-deal-with-difficult-in-laws
[promoted] how-do-i-tell-my-friends-im-sober-withou-185759-026
[promoted] how-do-i-deal-with-cravings-in-recovery-186032-027
[promoted] how-do-i-stop-being-a-people-pleaser-and-start-putting-my-own-needs-first-s1t2u3
[promoted] why-do-i-feel-like-im-failing-at-everything-b2c3d4
[promoted] why-do-i-feel-like-im-always-performing-instead-184730-102
[promoted] how-do-i-know-if-i-need-to-be-hospitalized-for-depression
[promoted] what-do-i-do-when-my-family-rejects-me-f-181083-032
[promoted] how-do-i-communicate-better-with-my-teenager
[promoted] how-do-i-deal-with-feeling-behind-in-life-compared-to-my-peers
[promoted] how-do-i-handle-the-stress-of-retraining-for-a-new-career-at-an-older-age
[promoted] why-do-i-feel-like-im-always-the-one-who-has-184730-096
[promoted] what-are-the-signs-of-emotional-abuse-in-185759-032
[promoted] what-to-do-when-anxious-for-no-clear-reason
[promoted] how-do-i-stop-feeling-like-im-bothering-181083-069
[promoted] what-do-i-do-when-i-feel-like-i-dont-fit-in-177941-024
[promoted] how-can-i-learn-to-love-myself
[promoted] how-do-i-get-out-of-bed-when-depression-makes-everything-feel-pointless
[promoted] is-it-normal-to-feel-nauseous-when-im-re-181083-004
[promoted] what-should-parents-do-when-siblings-fight-constantly
[promoted] how-do-i-recover-from-a-relationship-with-someone-who-had-a-personality-disorder
[promoted] why-do-i-feel-guilty-when-i-say-no-184730-029
[promoted] why-do-i-feel-like-im-performing-my-own-184730-005
[promoted] what-to-do-when-someone-shuts-down-during-conflict
[promoted] how-do-i-maintain-friendships-when-im-depressed
[promoted] can-using-ai-for-emotional-support-become-addictive
[promoted] how-do-i-build-self-confidence-when-ive-always-struggled-with-low-self-esteem
[promoted] is-it-normal-to-have-existential-thought-181083-046
[promoted] how-do-i-set-boundaries-with-work-technology-o7p1q4
[promoted] how-do-i-maintain-my-recovery-during-major-life-changes
[promoted] how-do-i-deal-with-body-image-issues-186032-015
[promoted] what-is-treatment-resistant-depression-and-what-are-my-options
[promoted] what-should-i-do-if-my-partner-shuts-down-during-arguments
{
  "report_path": "reports/answer-rewrite/promote-updates/promote-2026-06-17T22-00-07-624Z.json",
  "promoted": 1005
}
