{
  "mode": "apply",
  "prompt_version": "deeper-health-copywriter-v1",
  "candidates": 94,
  "promotable": 94,
  "blocked": 0,
  "allow_warn": true,
  "unpromoted_only": true
}
[promoted] what-is-workplace-anxiety-and-how-do-i-m-186032-041
[promoted] how-do-i-handle-anxiety-without-using-substances
[promoted] is-it-normal-to-feel-bored-or-empty-after-getting-sober
[promoted] what-do-i-do-when-im-losing-faith-in-everything-i--186602-023
[promoted] why-do-i-feel-guilty-about-not-speaking-my-p7q1r4
[promoted] why-do-i-wake-up-at-3am-with-anxiety-eve-181083-045
[promoted] warning-signs-ai-use-is-hurting-my-mental-health
[promoted] how-do-i-stop-feeling-like-everyone-else-has-177941-031
[promoted] why-do-i-feel-like-i-dont-fit-in-anywhere-in-the-lgbtq-community
[promoted] how-do-i-know-if-i-have-adhd-as-an-adult
[promoted] how-do-i-deal-with-feeling-like-im-not-smart-enough-184730-093
[promoted] what-if-i-think-an-ai-chatbot-is-sentient
[promoted] how-do-i-deal-with-relapse-and-the-shame-185759-024
[promoted] how-do-i-deal-with-trauma-triggers-in-ev-190219-011
[promoted] how-do-i-deal-with-feeling-disconnected-from-my-o9p4q2
[promoted] what-natural-remedies-help-with-seasonal-depression
[promoted] why-do-i-feel-guilty-for-doubting-my-fai-181083-035
[promoted] whats-the-difference-between-ssris-and-snris-for-depression
[promoted] why-do-i-feel-like-ill-never-find-love-a-181083-083
[promoted] is-it-my-responsibility-to-make-my-partn-185759-035
[promoted] why-do-i-feel-guilty-about-being-depress-190219-003
[promoted] how-do-i-cope-with-the-death-of-a-parent-177940-007
[promoted] why-do-i-feel-like-im-pretending-to-be-s-189668-003
[promoted] what-should-i-do-if-i-miss-doses-of-my-p-181083-063
[promoted] what-is-dependent-personality-disorder-and-how-is-it-different-from-being-needy
[promoted] how-do-i-deal-with-people-who-dont-suppo-181288-035
[promoted] how-do-i-know-if-my-psychiatric-medicati-181083-062
[promoted] what-if-i-become-dependent-on-anxiety-me-181083-058
[promoted] can-i-stop-taking-psychiatric-medication-181083-064
[promoted] why-do-i-constantly-compare-myself-to-others
[promoted] what-are-the-different-types-of-depression
[promoted] how-long-do-i-have-to-take-psychiatric-m-181083-057
[promoted] whats-the-difference-between-therapy-typ-185387-025
[promoted] what-should-i-do-if-my-doctor-prescribed-addictive-medication
[promoted] can-an-ai-chatbot-make-suicidal-thoughts-worse
[promoted] how-do-i-survive-a-toxic-work-environment
[promoted] how-do-i-know-if-my-therapist-is-right-for-me-s5t9u1
[promoted] why-do-i-feel-like-im-always-pretending-to-be-x2y5z8
[promoted] why-do-i-feel-disconnected-from-my-emoti-177940-014
[promoted] how-do-i-deal-with-fear-of-hell-after-le-181083-036
[promoted] why-does-everyone-else-seem-to-have-their-career-figured-out
[promoted] can-anxiety-make-me-feel-like-i-cant-bre-181083-011
[promoted] how-do-i-deal-with-anxiety-when-i-cant-i-181288-010
[promoted] why-do-i-feel-like-im-living-someone-els-177940-010
[promoted] why-do-i-feel-anxious-even-when-nothing-190648-005
[promoted] why-do-i-feel-dizzy-when-im-overwhelmed-181083-006
[promoted] should-i-give-my-addicted-family-member-money-for-basic-needs
[promoted] is-it-normal-to-be-scared-of-starting-ps-181083-066
[promoted] how-do-i-help-someone-who-doesnt-want-he-186032-025
[promoted] what-are-the-signs-that-my-child-needs-counseling-after-divorce
[promoted] what-should-i-do-if-im-around-substances-unexpectedly
[promoted] how-do-i-deal-with-feeling-like-im-behind-in-177941-017
[promoted] what-does-it-mean-to-be-a-dry-drunk-185759-027
[promoted] how-do-i-cope-with-losing-someone-to-suicide
[promoted] how-do-i-deal-with-feeling-like-im-not-living-184730-077
[promoted] why-do-i-feel-like-im-constantly-disappointing-people-184730-045
[promoted] how-do-i-deal-with-postpartum-depression
[promoted] is-it-normal-to-dread-going-to-work-ever-181288-024
[promoted] how-do-i-stop-overthinking-everything
[promoted] how-do-i-stop-enabling-my-loved-ones-addiction
[promoted] why-do-i-keep-relapsing-even-though-i-want-to-stay-sober
[promoted] how-do-i-know-if-my-relationship-is-wort-181288-011
[promoted] why-do-i-feel-like-i-need-to-fix-everyones-184730-037
[promoted] how-do-i-deal-with-feeling-like-everyone-else-184730-047
[promoted] how-do-i-cope-with-feeling-lost-and-uncertain-duri-187459-019
[promoted] how-do-i-know-if-im-transgender-or-just--184729-007
[promoted] what-does-it-mean-if-i-feel-more-spiritual-in-n2o5p8
[promoted] why-do-i-feel-like-i-cant-be-happy-when-others-z3a6b9
[promoted] how-do-i-deal-with-feeling-invisible-in-181083-094
[promoted] why-do-i-feel-like-i-dont-belong-in-my-own-r8s3t6
[promoted] how-do-i-handle-work-or-school-while-in-treatment
[promoted] how-do-i-stop-money-from-controlling-my-181083-029
[promoted] how-do-i-deal-with-existential-anxiety-about-s6t9u3
[promoted] why-do-i-feel-like-im-losing-myself-in-184730-046
[promoted] how-do-i-know-if-im-drinking-too-much-190974-009
[promoted] why-do-i-feel-empty-even-when-my-life-184730-007
[promoted] what-do-i-do-if-i-think-i-have-depressio-186032-018
[promoted] is-it-okay-to-use-ai-to-talk-to-someone-who-died
[promoted] how-do-i-deal-with-a-toxic-work-environment
[promoted] how-do-i-stop-feeling-like-im-a-disappointment-to-184730-079
[promoted] what-is-social-anxiety-and-how-do-i-overcome-it
[promoted] what-should-i-do-if-my-child-doesnt-want-to-visit-their-other-parent
[promoted] how-do-i-cope-with-depression-when-i-have-a-chronic-illness
[promoted] how-do-i-tell-my-family-im-going-to-treatment
[promoted] how-do-i-stop-feeling-like-im-not-worthy-of-184730-083
[promoted] what-does-it-mean-to-have-a-spiritual-awakening-j3k6l9
[promoted] how-do-i-know-if-someone-i-love-is-using-186032-021
[promoted] what-should-i-do-if-my-antidepressants-arent-working
[promoted] why-do-i-feel-empty-even-when-good-thing-181288-001
[promoted] how-do-i-handle-grief-during-holidays-an-185387-010
[promoted] why-do-i-get-triggered-by-things-that-se-181288-026
[promoted] when-should-i-consider-switching-antidepressants
[promoted] how-do-i-know-if-my-spiritual-experiences-are-p5q9r3
[promoted] how-do-i-stop-feeling-jealous-of-people-181083-073
{
  "report_path": "reports/answer-rewrite/promote-updates/promote-2026-06-17T22-04-22-123Z.json",
  "promoted": 94
}
